// Jest Snapshot v1, https://goo.gl/fbAQLP

exports[`<Input/> should render Input 1`] = `
<div>
  <input
    class="cuke-input"
    placeholder=""
    type="text"
  />
  <input
    class="cuke-input"
    placeholder="请输入"
    type="password"
  />
  <input
    class="cuke-input"
    placeholder="请输入"
    type="number"
  />
  <input
    class="cuke-input"
    placeholder=""
    readonly=""
    type="text"
    value="我是只读"
  />
  <input
    class="cuke-input cuke-input-disabled"
    disabled=""
    placeholder="禁用"
    type="text"
  />
</div>
`;

exports[`<Input/> should render addon with input 1`] = `
<div>
  <span
    class="cuke-input-group cuke-input-group-addon-before"
  >
    <span
      class="cuke-input-group-addon"
    >
      www
    </span>
    <input
      class="cuke-input"
      placeholder="请输入"
      type="text"
    />
  </span>
  <span
    class="cuke-input-group cuke-input-group-addon-after"
  >
    <input
      class="cuke-input"
      placeholder="填写网址"
      type="text"
    />
    <span
      class="cuke-input-group-addon"
    >
      .com
    </span>
  </span>
  <span
    class="cuke-input-group cuke-input-group-addon-before cuke-input-group-addon-after cuke-input-group-addon-all"
  >
    <span
      class="cuke-input-group-addon"
    >
      https://
    </span>
    <input
      class="cuke-input"
      placeholder="www.lijinke"
      type="text"
    />
    <span
      class="cuke-input-group-addon"
    >
      .cn
    </span>
  </span>
</div>
`;

exports[`<Input/> should render custom size 1`] = `
<div>
  <input
    class="cuke-input cuke-input-small"
    placeholder="small"
    type="text"
  />
  <input
    class="cuke-input"
    placeholder="default"
    type="text"
  />
  <input
    class="cuke-input cuke-input-large"
    placeholder="large"
    type="text"
  />
</div>
`;
