// Jest Snapshot v1, https://goo.gl/fbAQLP

exports[`<Notification/> should render a <Notification/> components 1`] = `
<div>
  <div
    class="cuke-notification cuke-notification-open cuke-notification-open-top-right"
    style="top:20px"
  >
    <div
      class="cuke-notification-close-btn"
    >
      <svg
        fill="none"
        height="1em"
        stroke="currentColor"
        stroke-linecap="round"
        stroke-linejoin="round"
        stroke-width="2"
        viewBox="0 0 24 24"
        width="1em"
      >
        <line
          x1="18"
          x2="6"
          y1="6"
          y2="18"
        />
        <line
          x1="6"
          x2="18"
          y1="6"
          y2="18"
        />
      </svg>
    </div>
    <div
      class="cuke-notification-icon cuke-notification-success"
    >
      <svg
        fill="none"
        height="1em"
        stroke="currentColor"
        stroke-linecap="round"
        stroke-linejoin="round"
        stroke-width="2"
        viewBox="0 0 24 24"
        width="1em"
      >
        <path
          d="M22 11.08V12a10 10 0 1 1-5.93-9.14"
        />
        <polyline
          points="22 4 12 14.01 9 11.01"
        />
      </svg>
    </div>
    <div
      class="cuke-notification-title-custom"
    >
      <div
        class="cuke-notification-title"
      >
        <span>
          哈哈
        </span>
      </div>
      <div
        class="cuke-notification-message"
      />
    </div>
  </div>
  <div
    class="cuke-notification cuke-notification-open cuke-notification-open-top-right"
    style="top:20px"
  >
    <div
      class="cuke-notification-close-btn"
    >
      <svg
        fill="none"
        height="1em"
        stroke="currentColor"
        stroke-linecap="round"
        stroke-linejoin="round"
        stroke-width="2"
        viewBox="0 0 24 24"
        width="1em"
      >
        <line
          x1="18"
          x2="6"
          y1="6"
          y2="18"
        />
        <line
          x1="6"
          x2="18"
          y1="6"
          y2="18"
        />
      </svg>
    </div>
    <div
      class="cuke-notification-icon cuke-notification-error"
    >
      <svg
        fill="none"
        height="1em"
        stroke="currentColor"
        stroke-linecap="round"
        stroke-linejoin="round"
        stroke-width="2"
        viewBox="0 0 24 24"
        width="1em"
      >
        <circle
          cx="12"
          cy="12"
          r="10"
        />
        <line
          x1="15"
          x2="9"
          y1="9"
          y2="15"
        />
        <line
          x1="9"
          x2="15"
          y1="9"
          y2="15"
        />
      </svg>
    </div>
    <div
      class="cuke-notification-title-custom"
    >
      <div
        class="cuke-notification-title"
      >
        <span>
          哈哈
        </span>
      </div>
      <div
        class="cuke-notification-message"
      />
    </div>
  </div>
  <div
    class="cuke-notification cuke-notification-open cuke-notification-open-top-right"
    style="top:20px"
  >
    <div
      class="cuke-notification-close-btn"
    >
      <svg
        fill="none"
        height="1em"
        stroke="currentColor"
        stroke-linecap="round"
        stroke-linejoin="round"
        stroke-width="2"
        viewBox="0 0 24 24"
        width="1em"
      >
        <line
          x1="18"
          x2="6"
          y1="6"
          y2="18"
        />
        <line
          x1="6"
          x2="18"
          y1="6"
          y2="18"
        />
      </svg>
    </div>
    <div
      class="cuke-notification-icon cuke-notification-info"
    >
      <svg
        fill="none"
        height="1em"
        stroke="currentColor"
        stroke-linecap="round"
        stroke-linejoin="round"
        stroke-width="2"
        viewBox="0 0 24 24"
        width="1em"
      >
        <polygon
          points="11 5 6 9 2 9 2 15 6 15 11 19 11 5"
        />
        <path
          d="M19.07 4.93a10 10 0 0 1 0 14.14M15.54 8.46a5 5 0 0 1 0 7.07"
        />
      </svg>
    </div>
    <div
      class="cuke-notification-title-custom"
    >
      <div
        class="cuke-notification-title"
      >
        <span>
          哈哈
        </span>
      </div>
      <div
        class="cuke-notification-message"
      />
    </div>
  </div>
  <div
    class="cuke-notification cuke-notification-open cuke-notification-open-top-right"
    style="top:20px"
  >
    <div
      class="cuke-notification-close-btn"
    >
      <svg
        fill="none"
        height="1em"
        stroke="currentColor"
        stroke-linecap="round"
        stroke-linejoin="round"
        stroke-width="2"
        viewBox="0 0 24 24"
        width="1em"
      >
        <line
          x1="18"
          x2="6"
          y1="6"
          y2="18"
        />
        <line
          x1="6"
          x2="18"
          y1="6"
          y2="18"
        />
      </svg>
    </div>
    <div
      class="cuke-notification-icon cuke-notification-warning"
    >
      <svg
        fill="none"
        height="1em"
        stroke="currentColor"
        stroke-linecap="round"
        stroke-linejoin="round"
        stroke-width="2"
        viewBox="0 0 24 24"
        width="1em"
      >
        <circle
          cx="12"
          cy="12"
          r="10"
        />
        <line
          x1="12"
          x2="12"
          y1="8"
          y2="12"
        />
        <line
          x1="12"
          x2="12"
          y1="16"
          y2="16"
        />
      </svg>
    </div>
    <div
      class="cuke-notification-title-custom"
    >
      <div
        class="cuke-notification-title"
      >
        <span>
          哈哈
        </span>
      </div>
      <div
        class="cuke-notification-message"
      />
    </div>
  </div>
  <div
    class="cuke-notification cuke-notification-open cuke-notification-open-top-right"
    style="top:20px"
  >
    <div
      class="cuke-notification-close-btn"
    >
      <svg
        fill="none"
        height="1em"
        stroke="currentColor"
        stroke-linecap="round"
        stroke-linejoin="round"
        stroke-width="2"
        viewBox="0 0 24 24"
        width="1em"
      >
        <line
          x1="18"
          x2="6"
          y1="6"
          y2="18"
        />
        <line
          x1="6"
          x2="18"
          y1="6"
          y2="18"
        />
      </svg>
    </div>
    <div
      class="cuke-notification-icon cuke-notification-loading"
    >
      <svg
        fill="none"
        height="1em"
        stroke="currentColor"
        stroke-linecap="round"
        stroke-linejoin="round"
        stroke-width="2"
        viewBox="0 0 24 24"
        width="1em"
      >
        <line
          x1="12"
          x2="12"
          y1="2"
          y2="6"
        />
        <line
          x1="12"
          x2="12"
          y1="18"
          y2="22"
        />
        <line
          x1="4.93"
          x2="7.76"
          y1="4.93"
          y2="7.76"
        />
        <line
          x1="16.24"
          x2="19.07"
          y1="16.24"
          y2="19.07"
        />
        <line
          x1="2"
          x2="6"
          y1="12"
          y2="12"
        />
        <line
          x1="18"
          x2="22"
          y1="12"
          y2="12"
        />
        <line
          x1="4.93"
          x2="7.76"
          y1="19.07"
          y2="16.24"
        />
        <line
          x1="16.24"
          x2="19.07"
          y1="7.76"
          y2="4.93"
        />
      </svg>
    </div>
    <div
      class="cuke-notification-title-custom"
    >
      <div
        class="cuke-notification-title"
      >
        <span>
          哈哈
        </span>
      </div>
      <div
        class="cuke-notification-message"
      />
    </div>
  </div>
  <div
    class="cuke-notification cuke-notification-open cuke-notification-open-top-right"
    style="top:20px"
  >
    <div
      class="cuke-notification-close-btn"
    >
      <svg
        fill="none"
        height="1em"
        stroke="currentColor"
        stroke-linecap="round"
        stroke-linejoin="round"
        stroke-width="2"
        viewBox="0 0 24 24"
        width="1em"
      >
        <line
          x1="18"
          x2="6"
          y1="6"
          y2="18"
        />
        <line
          x1="6"
          x2="18"
          y1="6"
          y2="18"
        />
      </svg>
    </div>
    <div
      class="cuke-notification-icon cuke-notification-open"
    />
    <div
      class="cuke-notification-title-custom"
    >
      <div
        class="cuke-notification-title"
      >
        <span>
          哈哈
        </span>
      </div>
      <div
        class="cuke-notification-message"
      />
    </div>
  </div>
</div>
`;
