// Jest Snapshot v1, https://goo.gl/fbAQLP

exports[`<Select/> should render a <Select/> components 1`] = `
<div
  class="cuke-select"
>
  <div
    class="cuke-select-inner"
  >
    <input
      class="cuke-input cuke-select-input"
      placeholder=""
      readonly=""
      type="text"
      value=""
    />
    <svg
      class="cuke-select-arrow"
      fill="none"
      height="1em"
      stroke="currentColor"
      stroke-linecap="round"
      stroke-linejoin="round"
      stroke-width="2"
      viewBox="0 0 24 24"
      width="1em"
    >
      <polyline
        points="6 9 12 15 18 9"
      />
    </svg>
  </div>
  <div
    class="cuke-select-content cuke-select-close"
  >
    <div
      class="cuke-select-option"
    >
      黄瓜
    </div>
    <div
      class="cuke-select-option"
    >
      茄子
    </div>
    <div
      class="cuke-select-option"
    >
      番茄
    </div>
  </div>
</div>
`;
