// Jest Snapshot v1, https://goo.gl/fbAQLP

exports[`<Container/> should render a <Container/> components 1`] = `
<div>
  <div
    class="cuke-container"
    style="width:1200px"
  >
    <div
      class="cuke-container-wrap"
    >
      默认1200px 居中
    </div>
  </div>
  <div
    class="cuke-container"
    style="width:200px"
  >
    <div
      class="cuke-container-wrap"
    >
      200px 居中
    </div>
  </div>
  <div
    class="cuke-container cuke-container-centered"
    style="width:500px"
  >
    <div
      class="cuke-container-wrap"
    >
      内容垂直水平居中
    </div>
  </div>
</div>
`;
